{
  "run_id": "verification-only",
  "stages": [
    "prepare",
    "bm25",
    "dense",
    "visual",
    "oracle"
  ],
  "config": {
    "schema_version": 1,
    "dataset": {
      "adapter": "vidoseek",
      "repo_id": "Qiuchen-Wang/ViDoSeek",
      "revision": "e91a92ba5f38690696c7e66be5c5474b54c6e791",
      "annotation_file": "vidoseek.json",
      "annotation_key": "examples",
      "corpus_file": "vidoseek_pdf_document.zip"
    },
    "selection": {
      "count": 0,
      "seed": 2026
    },
    "execution": {
      "seed": 2026
    },
    "text": {
      "mode": "native_or_ocr",
      "dpi": 150,
      "min_native_chars": 40,
      "ocr_language": "eng",
      "ocr_timeout": 120
    },
    "bm25": {
      "k1": 1.5,
      "b": 0.75
    },
    "dense": {
      "model_id": "BAAI/bge-m3",
      "revision": "5617a9f61b028005a4858fdac845db406aefb181",
      "batch_size": 4,
      "max_seq_length": 8192,
      "query_prefix": "",
      "page_prefix": "",
      "device": "cuda"
    },
    "visual": {
      "model_id": "vidore/colqwen2-v1.0",
      "revision": "2b6ac8fb37f46a49e4841e599583d00ae8a20117",
      "base_model_id": "vidore/colqwen2-base",
      "base_revision": "9fe8a713422a7cb4ef79ca77a09b381ee2243101",
      "batch_size": 1,
      "query_batch_size": 8,
      "score_batch_size": 32,
      "embedding_shard_size": 64,
      "device": "cuda",
      "dtype": "bfloat16",
      "attention": "sdpa",
      "max_pixels": 602112,
      "query_prefix": "Query: "
    },
    "retrieval": {
      "candidate_k": 100,
      "normalization": "minmax"
    },
    "oracle": {
      "metric_k": 10,
      "bootstrap_samples": 10000,
      "seed": 2026,
      "tie_tolerance": 1e-12
    },
    "weights": {
      "W7": {
        "values": [
          [
            1,
            0,
            0
          ],
          [
            0,
            1,
            0
          ],
          [
            0,
            0,
            1
          ],
          [
            0.3333333333333333,
            0.3333333333333333,
            0.3333333333333333
          ],
          [
            0.5,
            0.5,
            0
          ],
          [
            0.5,
            0,
            0.5
          ],
          [
            0,
            0.5,
            0.5
          ]
        ]
      },
      "W66": {
        "simplex_divisions": 10
      }
    },
    "modal": {
      "app_name": "qpaf-m11-oracle",
      "volume_name": "verification-artifacts",
      "mount_path": "/verify",
      "workspace": "checks",
      "gpu": "L4",
      "cpu": 4,
      "memory_mb": 32768,
      "timeout": 86400,
      "python_version": "3.11",
      "requirements_file": "requirements/m11-modal.lock",
      "apt_packages": [
        "tesseract-ocr",
        "tesseract-ocr-eng",
        "libglib2.0-0",
        "libgl1"
      ],
      "secret_names": []
    },
    "output": {
      "local_dir": "results/m1.1/verification-download"
    }
  },
  "source": {
    "digest": "13699c8937906c98c4bf3f6a9bb107d4b48cb6608fd7c6689bd79da6f8b8a718",
    "files": [
      {
        "path": "pyproject.toml",
        "sha256": "cfb8a17ffd6c9c36969eff5b807a9ef8e8064db54c53adee42a63085b7e5b901"
      },
      {
        "path": "requirements/m11-local.txt",
        "sha256": "f2794370b269ce6ba4b5e118b4f7f0d8622d49ed2ed79841ea30776d4358f2b2"
      },
      {
        "path": "requirements/m11-modal.lock",
        "sha256": "44ccced6480cf8a238db61ba048bc612024c7d3eb7acbc9d3303ebc911b68a07"
      },
      {
        "path": "requirements/m11-modal.txt",
        "sha256": "00a5005b623d5d94484d11b5ff335acde45d353833c1c3aa4f8e6c05ee189ce1"
      },
      {
        "path": "scripts/audit_repository.py",
        "sha256": "3d5be4fa6db221900c7ac085cbe0099ab10563de653120103db90564ef8a2aaa"
      },
      {
        "path": "scripts/evaluate_m11.py",
        "sha256": "6513fafbc95347f3b64100bdc2d2a51bbb7639501f2625767f6a395fe884b882"
      },
      {
        "path": "scripts/run_m11_modal.py",
        "sha256": "127d19d316b02de1924873abcf85c7d460ebc9ddc98b4483f0c1171db7fab22a"
      },
      {
        "path": "src/qpaf/__init__.py",
        "sha256": "3c676f0b96ef73c4f9eb29a27d8bcc3464303483653f2ae28c7f4e739fe9d542"
      },
      {
        "path": "src/qpaf/audit.py",
        "sha256": "16a6b7c83215aa667ca26ce2045323255fcf09aa67dc1925e0b86bea7c0818a5"
      },
      {
        "path": "src/qpaf/m11/__init__.py",
        "sha256": "f2c256e8608884fb0e4ffca4ccfd800bbbc8fea816963fb084b0e3255d49ba2b"
      },
      {
        "path": "src/qpaf/m11/artifacts.py",
        "sha256": "1ae0b5e6d56a33e314d1ae6c8aa589264d79efaaa3d3c71fd8f53b52816408b1"
      },
      {
        "path": "src/qpaf/m11/config.py",
        "sha256": "1bfd9185704370be4e3559de0bfba601bddf858b53eb05d0d90681e92eebeafd"
      },
      {
        "path": "src/qpaf/m11/dataset.py",
        "sha256": "7cb64887743ead14c5b1d75c63ff57db5b35dc280b06cc6d149b0d3e2fa15a1f"
      },
      {
        "path": "src/qpaf/m11/evidence.py",
        "sha256": "58eef596cd4bb27da2f7044ec5bf5703f59e3e6c010c4f84afff7a39498b1f85"
      },
      {
        "path": "src/qpaf/m11/metrics.py",
        "sha256": "c2d15bd922cc60b3f84a72a8828fe8a248467d892d88e9af98e4cfe3b71a3a9c"
      },
      {
        "path": "src/qpaf/m11/modal_app.py",
        "sha256": "f583a5b636028e87393903cc949e0289f2d3fe6b41533b1a7c75de9f5e50ed05"
      },
      {
        "path": "src/qpaf/m11/oracle.py",
        "sha256": "56e05e5a4d01dae5ab68ae5e11ffbaf4f9c76bee22b5cf78fabf004f493dbdf1"
      },
      {
        "path": "src/qpaf/m11/pipeline.py",
        "sha256": "38398aa6916f0129791d356ef0c5bcbcf772373998e36fa61c561e58e88a294e"
      },
      {
        "path": "src/qpaf/m11/retrieval.py",
        "sha256": "93ff00e50256bdc44759cfde88012a49282017096d240de2eaab58ef695db2e1"
      },
      {
        "path": "selected_image_requirements",
        "sha256": "44ccced6480cf8a238db61ba048bc612024c7d3eb7acbc9d3303ebc911b68a07"
      }
    ],
    "git_commit": "3df00169fb181866b1fbc240d812f06bb0804e8c",
    "git_status": "M .github/workflows/ci.yml\n M README.md\n M configs/README.md\n M pyproject.toml\n M results/m1.1/README.md\n?? configs/m1.1/\n?? docs/m1.1-modal-oracle.md\n?? docs/superpowers/plans/2026-09-26-m11-modal-oracle.md\n?? docs/superpowers/specs/2026-09-26-m11-modal-oracle-design.md\n?? requirements/\n?? results/m1.1/implementation-check/\n?? scripts/evaluate_m11.py\n?? scripts/run_m11_modal.py\n?? src/qpaf/m11/\n?? tests/test_m11_artifacts.py\n?? tests/test_m11_core.py\n?? tests/test_m11_pipeline.py",
    "command": [
      "C:\\Users\\lanph\\OneDrive\\Desktop\\Artificial_Intelligent_Project\\.venv\\Scripts\\python.exe",
      "scripts/run_m11_modal.py",
      "--config",
      "configs/m1.1/vidoseek.toml",
      "--run-id",
      "verification-only",
      "--set",
      "modal.gpu=L4",
      "--set",
      "modal.volume_name=verification-artifacts",
      "--set",
      "modal.mount_path=/verify",
      "--set",
      "modal.workspace=checks",
      "--set",
      "output.local_dir=results/m1.1/verification-download",
      "--dry-run"
    ]
  }
}
